------------------------------------------------------------
TimeQuest Timing Analyzer Summary
------------------------------------------------------------

Type  : Slow 1200mV 85C Model Setup 'clk'
Slack : -3.308
TNS   : -159.701

Type  : Slow 1200mV 85C Model Setup 'DynamicIllumination4Indicators:inst2|clkCounter[1]'
Slack : -2.407
TNS   : -13.603

Type  : Slow 1200mV 85C Model Setup 'Count250000:inst|clkOutBuf'
Slack : -0.653
TNS   : -0.653

Type  : Slow 1200mV 85C Model Hold 'Count250000:inst|clkOutBuf'
Slack : -0.327
TNS   : -0.327

Type  : Slow 1200mV 85C Model Hold 'DynamicIllumination4Indicators:inst2|clkCounter[1]'
Slack : -0.156
TNS   : -0.273

Type  : Slow 1200mV 85C Model Hold 'clk'
Slack : -0.142
TNS   : -0.142

Type  : Slow 1200mV 85C Model Minimum Pulse Width 'clk'
Slack : -3.000
TNS   : -110.064

Type  : Slow 1200mV 85C Model Minimum Pulse Width 'Count250000:inst|clkOutBuf'
Slack : -1.487
TNS   : -2.974

Type  : Slow 1200mV 85C Model Minimum Pulse Width 'DynamicIllumination4Indicators:inst2|clkCounter[1]'
Slack : 0.465
TNS   : 0.000

Type  : Slow 1200mV 0C Model Setup 'clk'
Slack : -3.016
TNS   : -144.062

Type  : Slow 1200mV 0C Model Setup 'DynamicIllumination4Indicators:inst2|clkCounter[1]'
Slack : -2.115
TNS   : -11.661

Type  : Slow 1200mV 0C Model Setup 'Count250000:inst|clkOutBuf'
Slack : -0.514
TNS   : -0.514

Type  : Slow 1200mV 0C Model Hold 'DynamicIllumination4Indicators:inst2|clkCounter[1]'
Slack : -0.219
TNS   : -0.661

Type  : Slow 1200mV 0C Model Hold 'Count250000:inst|clkOutBuf'
Slack : -0.191
TNS   : -0.191

Type  : Slow 1200mV 0C Model Hold 'clk'
Slack : -0.100
TNS   : -0.100

Type  : Slow 1200mV 0C Model Minimum Pulse Width 'clk'
Slack : -3.000
TNS   : -110.064

Type  : Slow 1200mV 0C Model Minimum Pulse Width 'Count250000:inst|clkOutBuf'
Slack : -1.487
TNS   : -2.974

Type  : Slow 1200mV 0C Model Minimum Pulse Width 'DynamicIllumination4Indicators:inst2|clkCounter[1]'
Slack : 0.275
TNS   : 0.000

Type  : Fast 1200mV 0C Model Setup 'clk'
Slack : -0.794
TNS   : -29.705

Type  : Fast 1200mV 0C Model Setup 'DynamicIllumination4Indicators:inst2|clkCounter[1]'
Slack : -0.526
TNS   : -1.158

Type  : Fast 1200mV 0C Model Setup 'Count250000:inst|clkOutBuf'
Slack : 0.302
TNS   : 0.000

Type  : Fast 1200mV 0C Model Hold 'Count250000:inst|clkOutBuf'
Slack : -0.294
TNS   : -0.294

Type  : Fast 1200mV 0C Model Hold 'clk'
Slack : -0.178
TNS   : -0.178

Type  : Fast 1200mV 0C Model Hold 'DynamicIllumination4Indicators:inst2|clkCounter[1]'
Slack : -0.104
TNS   : -0.376

Type  : Fast 1200mV 0C Model Minimum Pulse Width 'clk'
Slack : -3.000
TNS   : -96.788

Type  : Fast 1200mV 0C Model Minimum Pulse Width 'Count250000:inst|clkOutBuf'
Slack : -1.000
TNS   : -2.000

Type  : Fast 1200mV 0C Model Minimum Pulse Width 'DynamicIllumination4Indicators:inst2|clkCounter[1]'
Slack : 0.322
TNS   : 0.000

------------------------------------------------------------
