------------------------------------------------------------
TimeQuest Timing Analyzer Summary
------------------------------------------------------------

Type  : Slow 1200mV 85C Model Setup 'clk'
Slack : -3.237
TNS   : -164.841

Type  : Slow 1200mV 85C Model Setup 'DynamicIllumination4Indicators:inst2|clkCounter[1]'
Slack : -2.064
TNS   : -14.350

Type  : Slow 1200mV 85C Model Setup 'Count250000:inst|clkOutBuf'
Slack : -0.650
TNS   : -0.650

Type  : Slow 1200mV 85C Model Hold 'Count250000:inst|clkOutBuf'
Slack : -0.261
TNS   : -0.261

Type  : Slow 1200mV 85C Model Hold 'DynamicIllumination4Indicators:inst2|clkCounter[1]'
Slack : -0.093
TNS   : -0.409

Type  : Slow 1200mV 85C Model Hold 'clk'
Slack : -0.073
TNS   : -0.073

Type  : Slow 1200mV 85C Model Minimum Pulse Width 'clk'
Slack : -3.000
TNS   : -162.109

Type  : Slow 1200mV 85C Model Minimum Pulse Width 'Count250000:inst|clkOutBuf'
Slack : -1.487
TNS   : -2.974

Type  : Slow 1200mV 85C Model Minimum Pulse Width 'DynamicIllumination4Indicators:inst2|clkCounter[1]'
Slack : 0.464
TNS   : 0.000

Type  : Slow 1200mV 0C Model Setup 'clk'
Slack : -2.993
TNS   : -145.101

Type  : Slow 1200mV 0C Model Setup 'DynamicIllumination4Indicators:inst2|clkCounter[1]'
Slack : -1.788
TNS   : -12.267

Type  : Slow 1200mV 0C Model Setup 'Count250000:inst|clkOutBuf'
Slack : -0.505
TNS   : -0.505

Type  : Slow 1200mV 0C Model Hold 'DynamicIllumination4Indicators:inst2|clkCounter[1]'
Slack : -0.200
TNS   : -0.948

Type  : Slow 1200mV 0C Model Hold 'Count250000:inst|clkOutBuf'
Slack : -0.145
TNS   : -0.145

Type  : Slow 1200mV 0C Model Hold 'clk'
Slack : -0.033
TNS   : -0.033

Type  : Slow 1200mV 0C Model Minimum Pulse Width 'clk'
Slack : -3.000
TNS   : -162.109

Type  : Slow 1200mV 0C Model Minimum Pulse Width 'Count250000:inst|clkOutBuf'
Slack : -1.487
TNS   : -2.974

Type  : Slow 1200mV 0C Model Minimum Pulse Width 'DynamicIllumination4Indicators:inst2|clkCounter[1]'
Slack : 0.270
TNS   : 0.000

Type  : Fast 1200mV 0C Model Setup 'clk'
Slack : -0.777
TNS   : -21.009

Type  : Fast 1200mV 0C Model Setup 'DynamicIllumination4Indicators:inst2|clkCounter[1]'
Slack : -0.299
TNS   : -1.387

Type  : Fast 1200mV 0C Model Setup 'Count250000:inst|clkOutBuf'
Slack : 0.307
TNS   : 0.000

Type  : Fast 1200mV 0C Model Hold 'Count250000:inst|clkOutBuf'
Slack : -0.261
TNS   : -0.261

Type  : Fast 1200mV 0C Model Hold 'clk'
Slack : -0.127
TNS   : -0.127

Type  : Fast 1200mV 0C Model Hold 'DynamicIllumination4Indicators:inst2|clkCounter[1]'
Slack : -0.079
TNS   : -0.381

Type  : Fast 1200mV 0C Model Minimum Pulse Width 'clk'
Slack : -3.000
TNS   : -141.356

Type  : Fast 1200mV 0C Model Minimum Pulse Width 'Count250000:inst|clkOutBuf'
Slack : -1.000
TNS   : -2.000

Type  : Fast 1200mV 0C Model Minimum Pulse Width 'DynamicIllumination4Indicators:inst2|clkCounter[1]'
Slack : 0.315
TNS   : 0.000

------------------------------------------------------------
