------------------------------------------------------------
TimeQuest Timing Analyzer Summary
------------------------------------------------------------

Type  : Slow 1200mV 85C Model Setup 'clk'
Slack : -4.166
TNS   : -185.838

Type  : Slow 1200mV 85C Model Setup 'Count100000:inst8|clkOut'
Slack : -1.559
TNS   : -15.101

Type  : Slow 1200mV 85C Model Setup 'DynamicIllumination4Indicators:inst10|counter[1]'
Slack : -0.390
TNS   : -0.756

Type  : Slow 1200mV 85C Model Hold 'Count100000:inst8|clkOut'
Slack : -0.505
TNS   : -0.505

Type  : Slow 1200mV 85C Model Hold 'clk'
Slack : -0.020
TNS   : -0.020

Type  : Slow 1200mV 85C Model Hold 'DynamicIllumination4Indicators:inst10|counter[1]'
Slack : 0.143
TNS   : 0.000

Type  : Slow 1200mV 85C Model Minimum Pulse Width 'clk'
Slack : -3.000
TNS   : -92.220

Type  : Slow 1200mV 85C Model Minimum Pulse Width 'Count100000:inst8|clkOut'
Slack : -1.487
TNS   : -16.357

Type  : Slow 1200mV 85C Model Minimum Pulse Width 'DynamicIllumination4Indicators:inst10|counter[1]'
Slack : 0.437
TNS   : 0.000

Type  : Slow 1200mV 0C Model Setup 'clk'
Slack : -3.766
TNS   : -168.149

Type  : Slow 1200mV 0C Model Setup 'Count100000:inst8|clkOut'
Slack : -1.369
TNS   : -13.271

Type  : Slow 1200mV 0C Model Setup 'DynamicIllumination4Indicators:inst10|counter[1]'
Slack : -0.210
TNS   : -0.401

Type  : Slow 1200mV 0C Model Hold 'Count100000:inst8|clkOut'
Slack : -0.434
TNS   : -0.434

Type  : Slow 1200mV 0C Model Hold 'clk'
Slack : 0.005
TNS   : 0.000

Type  : Slow 1200mV 0C Model Hold 'DynamicIllumination4Indicators:inst10|counter[1]'
Slack : 0.038
TNS   : 0.000

Type  : Slow 1200mV 0C Model Minimum Pulse Width 'clk'
Slack : -3.000
TNS   : -92.220

Type  : Slow 1200mV 0C Model Minimum Pulse Width 'Count100000:inst8|clkOut'
Slack : -1.487
TNS   : -16.357

Type  : Slow 1200mV 0C Model Minimum Pulse Width 'DynamicIllumination4Indicators:inst10|counter[1]'
Slack : 0.296
TNS   : 0.000

Type  : Fast 1200mV 0C Model Setup 'clk'
Slack : -1.194
TNS   : -45.187

Type  : Fast 1200mV 0C Model Setup 'Count100000:inst8|clkOut'
Slack : -0.055
TNS   : -0.443

Type  : Fast 1200mV 0C Model Setup 'DynamicIllumination4Indicators:inst10|counter[1]'
Slack : 0.375
TNS   : 0.000

Type  : Fast 1200mV 0C Model Hold 'Count100000:inst8|clkOut'
Slack : -0.340
TNS   : -0.340

Type  : Fast 1200mV 0C Model Hold 'clk'
Slack : -0.123
TNS   : -0.123

Type  : Fast 1200mV 0C Model Hold 'DynamicIllumination4Indicators:inst10|counter[1]'
Slack : 0.026
TNS   : 0.000

Type  : Fast 1200mV 0C Model Minimum Pulse Width 'clk'
Slack : -3.000
TNS   : -80.858

Type  : Fast 1200mV 0C Model Minimum Pulse Width 'Count100000:inst8|clkOut'
Slack : -1.000
TNS   : -11.000

Type  : Fast 1200mV 0C Model Minimum Pulse Width 'DynamicIllumination4Indicators:inst10|counter[1]'
Slack : 0.338
TNS   : 0.000

------------------------------------------------------------
