------------------------------------------------------------
Timing Analyzer Summary
------------------------------------------------------------

Type  : Slow 1200mV 85C Model Setup 'clk'
Slack : -34.032
TNS   : -1067.966

Type  : Slow 1200mV 85C Model Setup 'simple_struct:u0|DynamicIllumination4Indicators:dynamicillumination4indicators_0|clkCounter[1]'
Slack : -2.765
TNS   : -20.201

Type  : Slow 1200mV 85C Model Setup 'simple_struct:u0|usart:usart_0|bit_clk'
Slack : -2.240
TNS   : -7.840

Type  : Slow 1200mV 85C Model Hold 'clk'
Slack : 0.435
TNS   : 0.000

Type  : Slow 1200mV 85C Model Hold 'simple_struct:u0|usart:usart_0|bit_clk'
Slack : 0.454
TNS   : 0.000

Type  : Slow 1200mV 85C Model Hold 'simple_struct:u0|DynamicIllumination4Indicators:dynamicillumination4indicators_0|clkCounter[1]'
Slack : 1.098
TNS   : 0.000

Type  : Slow 1200mV 85C Model Recovery 'clk'
Slack : -2.171
TNS   : -190.585

Type  : Slow 1200mV 85C Model Recovery 'simple_struct:u0|usart:usart_0|bit_clk'
Slack : -0.692
TNS   : -4.152

Type  : Slow 1200mV 85C Model Removal 'simple_struct:u0|usart:usart_0|bit_clk'
Slack : 0.958
TNS   : 0.000

Type  : Slow 1200mV 85C Model Removal 'clk'
Slack : 1.173
TNS   : 0.000

Type  : Slow 1200mV 85C Model Minimum Pulse Width 'clk'
Slack : -3.000
TNS   : -444.639

Type  : Slow 1200mV 85C Model Minimum Pulse Width 'simple_struct:u0|usart:usart_0|bit_clk'
Slack : -1.487
TNS   : -8.922

Type  : Slow 1200mV 85C Model Minimum Pulse Width 'simple_struct:u0|DynamicIllumination4Indicators:dynamicillumination4indicators_0|clkCounter[1]'
Slack : 0.440
TNS   : 0.000

Type  : Slow 1200mV 0C Model Setup 'clk'
Slack : -30.960
TNS   : -978.044

Type  : Slow 1200mV 0C Model Setup 'simple_struct:u0|DynamicIllumination4Indicators:dynamicillumination4indicators_0|clkCounter[1]'
Slack : -2.501
TNS   : -18.063

Type  : Slow 1200mV 0C Model Setup 'simple_struct:u0|usart:usart_0|bit_clk'
Slack : -2.078
TNS   : -7.028

Type  : Slow 1200mV 0C Model Hold 'clk'
Slack : 0.385
TNS   : 0.000

Type  : Slow 1200mV 0C Model Hold 'simple_struct:u0|usart:usart_0|bit_clk'
Slack : 0.402
TNS   : 0.000

Type  : Slow 1200mV 0C Model Hold 'simple_struct:u0|DynamicIllumination4Indicators:dynamicillumination4indicators_0|clkCounter[1]'
Slack : 0.913
TNS   : 0.000

Type  : Slow 1200mV 0C Model Recovery 'clk'
Slack : -1.913
TNS   : -168.851

Type  : Slow 1200mV 0C Model Recovery 'simple_struct:u0|usart:usart_0|bit_clk'
Slack : -0.578
TNS   : -3.468

Type  : Slow 1200mV 0C Model Removal 'simple_struct:u0|usart:usart_0|bit_clk'
Slack : 0.788
TNS   : 0.000

Type  : Slow 1200mV 0C Model Removal 'clk'
Slack : 1.075
TNS   : 0.000

Type  : Slow 1200mV 0C Model Minimum Pulse Width 'clk'
Slack : -3.000
TNS   : -444.639

Type  : Slow 1200mV 0C Model Minimum Pulse Width 'simple_struct:u0|usart:usart_0|bit_clk'
Slack : -1.487
TNS   : -8.922

Type  : Slow 1200mV 0C Model Minimum Pulse Width 'simple_struct:u0|DynamicIllumination4Indicators:dynamicillumination4indicators_0|clkCounter[1]'
Slack : 0.328
TNS   : 0.000

Type  : Fast 1200mV 0C Model Setup 'clk'
Slack : -13.900
TNS   : -296.654

Type  : Fast 1200mV 0C Model Setup 'simple_struct:u0|DynamicIllumination4Indicators:dynamicillumination4indicators_0|clkCounter[1]'
Slack : -0.779
TNS   : -3.993

Type  : Fast 1200mV 0C Model Setup 'simple_struct:u0|usart:usart_0|bit_clk'
Slack : -0.405
TNS   : -0.405

Type  : Fast 1200mV 0C Model Hold 'clk'
Slack : 0.179
TNS   : 0.000

Type  : Fast 1200mV 0C Model Hold 'simple_struct:u0|usart:usart_0|bit_clk'
Slack : 0.186
TNS   : 0.000

Type  : Fast 1200mV 0C Model Hold 'simple_struct:u0|DynamicIllumination4Indicators:dynamicillumination4indicators_0|clkCounter[1]'
Slack : 0.397
TNS   : 0.000

Type  : Fast 1200mV 0C Model Recovery 'clk'
Slack : -0.394
TNS   : -16.955

Type  : Fast 1200mV 0C Model Recovery 'simple_struct:u0|usart:usart_0|bit_clk'
Slack : 0.272
TNS   : 0.000

Type  : Fast 1200mV 0C Model Removal 'simple_struct:u0|usart:usart_0|bit_clk'
Slack : 0.313
TNS   : 0.000

Type  : Fast 1200mV 0C Model Removal 'clk'
Slack : 0.501
TNS   : 0.000

Type  : Fast 1200mV 0C Model Minimum Pulse Width 'clk'
Slack : -3.000
TNS   : -388.620

Type  : Fast 1200mV 0C Model Minimum Pulse Width 'simple_struct:u0|usart:usart_0|bit_clk'
Slack : -1.000
TNS   : -6.000

Type  : Fast 1200mV 0C Model Minimum Pulse Width 'simple_struct:u0|DynamicIllumination4Indicators:dynamicillumination4indicators_0|clkCounter[1]'
Slack : 0.371
TNS   : 0.000

------------------------------------------------------------
