------------------------------------------------------------
Timing Analyzer Summary
------------------------------------------------------------

Type  : Slow 1200mV 85C Model Setup 'simple_struct:u0|DynamicIllumination4Indicators:dynamicillumination4indicators_0|clkCounter[1]'
Slack : -38.801
TNS   : -272.075

Type  : Slow 1200mV 85C Model Setup 'clk'
Slack : -4.535
TNS   : -434.711

Type  : Slow 1200mV 85C Model Setup 'simple_struct:u0|usart:usart_0|bit_clk'
Slack : -1.945
TNS   : -8.790

Type  : Slow 1200mV 85C Model Hold 'clk'
Slack : 0.453
TNS   : 0.000

Type  : Slow 1200mV 85C Model Hold 'simple_struct:u0|usart:usart_0|bit_clk'
Slack : 0.453
TNS   : 0.000

Type  : Slow 1200mV 85C Model Hold 'simple_struct:u0|DynamicIllumination4Indicators:dynamicillumination4indicators_0|clkCounter[1]'
Slack : 2.100
TNS   : 0.000

Type  : Slow 1200mV 85C Model Recovery 'clk'
Slack : -1.729
TNS   : -117.389

Type  : Slow 1200mV 85C Model Recovery 'simple_struct:u0|usart:usart_0|bit_clk'
Slack : -0.456
TNS   : -2.736

Type  : Slow 1200mV 85C Model Removal 'simple_struct:u0|usart:usart_0|bit_clk'
Slack : 0.803
TNS   : 0.000

Type  : Slow 1200mV 85C Model Removal 'clk'
Slack : 1.172
TNS   : 0.000

Type  : Slow 1200mV 85C Model Minimum Pulse Width 'clk'
Slack : -3.000
TNS   : -260.251

Type  : Slow 1200mV 85C Model Minimum Pulse Width 'simple_struct:u0|usart:usart_0|bit_clk'
Slack : -1.487
TNS   : -8.922

Type  : Slow 1200mV 85C Model Minimum Pulse Width 'simple_struct:u0|DynamicIllumination4Indicators:dynamicillumination4indicators_0|clkCounter[1]'
Slack : 0.484
TNS   : 0.000

Type  : Slow 1200mV 0C Model Setup 'simple_struct:u0|DynamicIllumination4Indicators:dynamicillumination4indicators_0|clkCounter[1]'
Slack : -35.560
TNS   : -248.803

Type  : Slow 1200mV 0C Model Setup 'clk'
Slack : -4.191
TNS   : -397.480

Type  : Slow 1200mV 0C Model Setup 'simple_struct:u0|usart:usart_0|bit_clk'
Slack : -1.792
TNS   : -7.972

Type  : Slow 1200mV 0C Model Hold 'clk'
Slack : 0.401
TNS   : 0.000

Type  : Slow 1200mV 0C Model Hold 'simple_struct:u0|usart:usart_0|bit_clk'
Slack : 0.402
TNS   : 0.000

Type  : Slow 1200mV 0C Model Hold 'simple_struct:u0|DynamicIllumination4Indicators:dynamicillumination4indicators_0|clkCounter[1]'
Slack : 1.867
TNS   : 0.000

Type  : Slow 1200mV 0C Model Recovery 'clk'
Slack : -1.560
TNS   : -103.276

Type  : Slow 1200mV 0C Model Recovery 'simple_struct:u0|usart:usart_0|bit_clk'
Slack : -0.356
TNS   : -2.136

Type  : Slow 1200mV 0C Model Removal 'simple_struct:u0|usart:usart_0|bit_clk'
Slack : 0.675
TNS   : 0.000

Type  : Slow 1200mV 0C Model Removal 'clk'
Slack : 1.074
TNS   : 0.000

Type  : Slow 1200mV 0C Model Minimum Pulse Width 'clk'
Slack : -3.000
TNS   : -260.251

Type  : Slow 1200mV 0C Model Minimum Pulse Width 'simple_struct:u0|usart:usart_0|bit_clk'
Slack : -1.487
TNS   : -8.922

Type  : Slow 1200mV 0C Model Minimum Pulse Width 'simple_struct:u0|DynamicIllumination4Indicators:dynamicillumination4indicators_0|clkCounter[1]'
Slack : 0.406
TNS   : 0.000

Type  : Fast 1200mV 0C Model Setup 'simple_struct:u0|DynamicIllumination4Indicators:dynamicillumination4indicators_0|clkCounter[1]'
Slack : -15.914
TNS   : -110.656

Type  : Fast 1200mV 0C Model Setup 'clk'
Slack : -1.411
TNS   : -93.071

Type  : Fast 1200mV 0C Model Setup 'simple_struct:u0|usart:usart_0|bit_clk'
Slack : -0.284
TNS   : -0.368

Type  : Fast 1200mV 0C Model Hold 'clk'
Slack : 0.148
TNS   : 0.000

Type  : Fast 1200mV 0C Model Hold 'simple_struct:u0|usart:usart_0|bit_clk'
Slack : 0.187
TNS   : 0.000

Type  : Fast 1200mV 0C Model Hold 'simple_struct:u0|DynamicIllumination4Indicators:dynamicillumination4indicators_0|clkCounter[1]'
Slack : 0.860
TNS   : 0.000

Type  : Fast 1200mV 0C Model Recovery 'clk'
Slack : -0.274
TNS   : -7.256

Type  : Fast 1200mV 0C Model Recovery 'simple_struct:u0|usart:usart_0|bit_clk'
Slack : 0.360
TNS   : 0.000

Type  : Fast 1200mV 0C Model Removal 'simple_struct:u0|usart:usart_0|bit_clk'
Slack : 0.251
TNS   : 0.000

Type  : Fast 1200mV 0C Model Removal 'clk'
Slack : 0.500
TNS   : 0.000

Type  : Fast 1200mV 0C Model Minimum Pulse Width 'clk'
Slack : -3.000
TNS   : -226.828

Type  : Fast 1200mV 0C Model Minimum Pulse Width 'simple_struct:u0|usart:usart_0|bit_clk'
Slack : -1.000
TNS   : -6.000

Type  : Fast 1200mV 0C Model Minimum Pulse Width 'simple_struct:u0|DynamicIllumination4Indicators:dynamicillumination4indicators_0|clkCounter[1]'
Slack : 0.398
TNS   : 0.000

------------------------------------------------------------
